0 verbose cli /usr/local/bin/node /usr/local/bin/npm
1 info using npm@11.10.0
2 info using node@v24.13.0
3 silly config load:file:/usr/local/lib/node_modules/npm/npmrc
4 silly config load:file:/Users/museryeung/Documents/dev/crew-up-project/crew-up-app/.npmrc
5 silly config load:file:/Users/museryeung/.npmrc
6 silly config load:file:/usr/local/etc/npmrc
7 verbose title npm install @expo-google-fonts/inter
8 verbose argv "install" "--save" "@expo-google-fonts/inter"
9 verbose logfile logs-max:10 dir:/Users/museryeung/Documents/dev/crew-up-project/crew-up-app/.npm-cache/_logs/2026-08-01T09_21_43_239Z-
10 verbose logfile /Users/museryeung/Documents/dev/crew-up-project/crew-up-app/.npm-cache/_logs/2026-08-01T09_21_43_239Z-debug-0.log
11 silly logfile done cleaning log files
12 silly packumentCache heap:4496293888 maxSize:1124073472 maxEntrySize:562036736
13 silly idealTree buildDeps
14 silly fetch manifest @expo-google-fonts/inter@*
15 silly packumentCache full:https://registry.npmjs.org/@expo-google-fonts%2finter cache-miss
16 http fetch GET 200 https://registry.npmjs.org/@expo-google-fonts%2finter 965ms (cache miss)
17 silly packumentCache full:https://registry.npmjs.org/@expo-google-fonts%2finter set size:undefined disposed:false
18 silly placeDep ROOT @expo-google-fonts/inter@0.4.2 OK for: crew-up-app@1.0.0 want: *
19 silly reify moves {}
20 silly audit bulk request {
20 silly audit   '@adobe/css-tools': [ '4.5.0' ],
20 silly audit   '@antfu/install-pkg': [ '1.1.0' ],
20 silly audit   '@apollo/client': [ '4.2.8' ],
20 silly audit   '@babel/code-frame': [ '7.29.7' ],
20 silly audit   '@babel/compat-data': [ '7.29.7' ],
20 silly audit   '@babel/core': [ '7.29.7' ],
20 silly audit   semver: [ '6.3.1', '7.8.5' ],
20 silly audit   '@babel/generator': [ '7.29.7' ],
20 silly audit   '@babel/helper-annotate-as-pure': [ '7.29.7' ],
20 silly audit   '@babel/helper-compilation-targets': [ '7.29.7' ],
20 silly audit   '@babel/helper-create-class-features-plugin': [ '7.29.7' ],
20 silly audit   '@babel/helper-create-regexp-features-plugin': [ '7.29.7' ],
20 silly audit   '@babel/helper-define-polyfill-provider': [ '0.6.8' ],
20 silly audit   '@babel/helper-globals': [ '7.29.7' ],
20 silly audit   '@babel/helper-member-expression-to-functions': [ '7.29.7' ],
20 silly audit   '@babel/helper-module-imports': [ '7.29.7' ],
20 silly audit   '@babel/helper-module-transforms': [ '7.29.7' ],
20 silly audit   '@babel/helper-optimise-call-expression': [ '7.29.7' ],
20 silly audit   '@babel/helper-plugin-utils': [ '7.29.7' ],
20 silly audit   '@babel/helper-remap-async-to-generator': [ '7.29.7' ],
20 silly audit   '@babel/helper-replace-supers': [ '7.29.7' ],
20 silly audit   '@babel/helper-skip-transparent-expression-wrappers': [ '7.29.7' ],
20 silly audit   '@babel/helper-string-parser': [ '7.29.7' ],
20 silly audit   '@babel/helper-validator-identifier': [ '7.29.7' ],
20 silly audit   '@babel/helper-validator-option': [ '7.29.7' ],
20 silly audit   '@babel/helper-wrap-function': [ '7.29.7' ],
20 silly audit   '@babel/helpers': [ '7.29.7' ],
20 silly audit   '@babel/parser': [ '7.29.7' ],
20 silly audit   '@babel/plugin-proposal-decorators': [ '7.29.7' ],
20 silly audit   '@babel/plugin-proposal-export-default-from': [ '7.29.7' ],
20 silly audit   '@babel/plugin-syntax-decorators': [ '7.29.7' ],
20 silly audit   '@babel/plugin-syntax-dynamic-import': [ '7.8.3' ],
20 silly audit   '@babel/plugin-syntax-export-default-from': [ '7.29.7' ],
20 silly audit   '@babel/plugin-syntax-flow': [ '7.29.7' ],
20 silly audit   '@babel/plugin-syntax-jsx': [ '7.29.7' ],
20 silly audit   '@babel/plugin-syntax-nullish-coalescing-operator': [ '7.8.3' ],
20 silly audit   '@babel/plugin-syntax-optional-chaining': [ '7.8.3' ],
20 silly audit   '@babel/plugin-syntax-typescript': [ '7.29.7' ],
20 silly audit   '@babel/plugin-transform-arrow-functions': [ '7.29.7' ],
20 silly audit   '@babel/plugin-transform-async-generator-functions': [ '7.29.7' ],
20 silly audit   '@babel/plugin-transform-async-to-generator': [ '7.29.7' ],
20 silly audit   '@babel/plugin-transform-block-scoping': [ '7.29.7' ],
20 silly audit   '@babel/plugin-transform-class-properties': [ '7.29.7' ],
20 silly audit   '@babel/plugin-transform-class-static-block': [ '7.29.7' ],
20 silly audit   '@babel/plugin-transform-classes': [ '7.29.7' ],
20 silly audit   '@babel/plugin-transform-destructuring': [ '7.29.7' ],
20 silly audit   '@babel/plugin-transform-export-namespace-from': [ '7.29.7' ],
20 silly audit   '@babel/plugin-transform-flow-strip-types': [ '7.29.7' ],
20 silly audit   '@babel/plugin-transform-for-of': [ '7.29.7' ],
20 silly audit   '@babel/plugin-transform-logical-assignment-operators': [ '7.29.7' ],
20 silly audit   '@babel/plugin-transform-modules-commonjs': [ '7.29.7' ],
20 silly audit   '@babel/plugin-transform-named-capturing-groups-regex': [ '7.29.7' ],
20 silly audit   '@babel/plugin-transform-nullish-coalescing-operator': [ '7.29.7' ],
20 silly audit   '@babel/plugin-transform-object-rest-spread': [ '7.29.7' ],
20 silly audit   '@babel/plugin-transform-optional-catch-binding': [ '7.29.7' ],
20 silly audit   '@babel/plugin-transform-optional-chaining': [ '7.29.7' ],
20 silly audit   '@babel/plugin-transform-parameters': [ '7.29.7' ],
20 silly audit   '@babel/plugin-transform-private-methods': [ '7.29.7' ],
20 silly audit   '@babel/plugin-transform-private-property-in-object': [ '7.29.7' ],
20 silly audit   '@babel/plugin-transform-react-display-name': [ '7.29.7' ],
20 silly audit   '@babel/plugin-transform-react-jsx': [ '7.29.7' ],
20 silly audit   '@babel/plugin-transform-react-jsx-development': [ '7.29.7' ],
20 silly audit   '@babel/plugin-transform-react-jsx-self': [ '7.29.7' ],
20 silly audit   '@babel/plugin-transform-react-jsx-source': [ '7.29.7' ],
20 silly audit   '@babel/plugin-transform-react-pure-annotations': [ '7.29.7' ],
20 silly audit   '@babel/plugin-transform-regenerator': [ '7.29.7' ],
20 silly audit   '@babel/plugin-transform-runtime': [ '7.29.7' ],
20 silly audit   '@babel/plugin-transform-shorthand-properties': [ '7.29.7' ],
20 silly audit   '@babel/plugin-transform-template-literals': [ '7.29.7' ],
20 silly audit   '@babel/plugin-transform-typescript': [ '7.29.7' ],
20 silly audit   '@babel/plugin-transform-unicode-regex': [ '7.29.7' ],
20 silly audit   '@babel/preset-typescript': [ '7.29.7' ],
20 silly audit   '@babel/runtime': [ '7.29.7' ],
20 silly audit   '@babel/template': [ '7.29.7' ],
20 silly audit   '@babel/traverse': [ '7.29.7' ],
20 silly audit   '@babel/types': [ '7.29.7' ],
20 silly audit   '@expo-google-fonts/material-symbols': [ '0.4.42' ],
20 silly audit   '@expo/code-signing-certificates': [ '0.0.6' ],
20 silly audit   '@expo/config': [ '57.0.6' ],
20 silly audit   '@expo/config-plugins': [ '57.0.6' ],
20 silly audit   '@expo/config-types': [ '57.0.2' ],
20 silly audit   '@expo/devcert': [ '1.2.1' ],
20 silly audit   debug: [ '3.2.7', '2.6.9', '4.4.3' ],
20 silly audit   '@expo/devtools': [ '57.0.1' ],
20 silly audit   '@expo/dom-webview': [ '57.0.1' ],
20 silly audit   '@expo/env': [ '2.4.2' ],
20 silly audit   '@expo/expo-modules-macros-plugin': [ '0.6.1' ],
20 silly audit   '@expo/fingerprint': [ '0.20.6' ],
20 silly audit   '@expo/image-utils': [ '0.11.4' ],
20 silly audit   '@expo/inline-modules': [ '0.1.4' ],
20 silly audit   '@expo/json-file': [ '11.0.1' ],
20 silly audit   '@expo/local-build-cache-provider': [ '57.0.5' ],
20 silly audit   '@expo/log-box': [ '57.0.2' ],
20 silly audit   '@expo/metro': [ '56.0.0' ],
20 silly audit   '@expo/metro-config': [ '57.0.7' ],
20 silly audit   '@expo/metro-file-map': [ '57.0.1' ],
20 silly audit   '@expo/metro-runtime': [ '57.0.8' ],
20 silly audit   '@expo/osascript': [ '2.7.1' ],
20 silly audit   '@expo/package-manager': [ '1.13.1' ],
20 silly audit   '@expo/plist': [ '0.8.1' ],
20 silly audit   '@expo/prebuild-config': [ '57.0.10' ],
20 silly audit   '@expo/require-utils': [ '57.0.4' ],
20 silly audit   '@expo/schema-utils': [ '57.0.2' ],
20 silly audit   '@expo/sdk-runtime-versions': [ '1.0.0' ],
20 silly audit   '@expo/spawn-async': [ '1.8.0' ],
20 silly audit   '@expo/sudo-prompt': [ '9.3.2' ],
20 silly audit   '@expo/ui': [ '57.0.8' ],
20 silly audit   '@expo/xcpretty': [ '4.4.4' ],
20 silly audit   '@graphql-typed-document-node/core': [ '3.2.0' ],
20 silly audit   '@hookform/resolvers': [ '5.5.7' ],
20 silly audit   '@iconify-json/uil': [ '1.2.3' ],
20 silly audit   '@iconify/types': [ '2.0.0' ],
20 silly audit   '@iconify/utils': [ '3.1.4' ],
20 silly audit   '@isaacs/ttlcache': [ '1.4.1' ],
20 silly audit   '@jest/schemas': [ '29.6.3' ],
20 silly audit   '@jest/types': [ '29.6.3' ],
20 silly audit   '@jridgewell/gen-mapping': [ '0.3.13' ],
20 silly audit   '@jridgewell/remapping': [ '2.3.5' ],
20 silly audit   '@jridgewell/resolve-uri': [ '3.1.2' ],
20 silly audit   '@jridgewell/source-map': [ '0.3.11' ],
20 silly audit   '@jridgewell/sourcemap-codec': [ '1.5.5' ],
20 silly audit   '@jridgewell/trace-mapping': [ '0.3.31' ],
20 silly audit   '@nhost/nhost-js': [ '4.7.3' ],
20 silly audit   '@radix-ui/primitive': [ '1.1.7' ],
20 silly audit   '@radix-ui/react-collection': [ '1.1.15' ],
20 silly audit   '@radix-ui/react-compose-refs': [ '1.1.5' ],
20 silly audit   '@radix-ui/react-context': [ '1.2.2' ],
20 silly audit   '@radix-ui/react-dialog': [ '1.1.23' ],
20 silly audit   '@radix-ui/react-direction': [ '1.1.4' ],
20 silly audit   '@radix-ui/react-dismissable-layer': [ '1.1.19' ],
20 silly audit   '@radix-ui/react-focus-guards': [ '1.1.6' ],
20 silly audit   '@radix-ui/react-focus-scope': [ '1.1.16' ],
20 silly audit   '@radix-ui/react-id': [ '1.1.4' ],
20 silly audit   '@radix-ui/react-portal': [ '1.1.17' ],
20 silly audit   '@radix-ui/react-presence': [ '1.1.10' ],
20 silly audit   '@radix-ui/react-primitive': [ '2.1.10' ],
20 silly audit   '@radix-ui/react-roving-focus': [ '1.1.19' ],
20 silly audit   '@radix-ui/react-slot': [ '1.3.3' ],
20 silly audit   '@radix-ui/react-tabs': [ '1.1.21' ],
20 silly audit   '@radix-ui/react-use-callback-ref': [ '1.1.4' ],
20 silly audit   '@radix-ui/react-use-controllable-state': [ '1.2.6' ],
20 silly audit   '@radix-ui/react-use-effect-event': [ '0.0.5' ],
20 silly audit   '@radix-ui/react-use-is-hydrated': [ '0.1.3' ],
20 silly audit   '@radix-ui/react-use-layout-effect': [ '1.1.4' ],
20 silly audit   '@react-native-masked-view/masked-view': [ '0.3.2' ],
20 silly audit   '@react-native/assets-registry': [ '0.86.2' ],
20 silly audit   '@react-native/babel-plugin-codegen': [ '0.86.2' ],
20 silly audit   '@react-native/babel-preset': [ '0.86.2' ],
20 silly audit   '@react-native/codegen': [ '0.86.2' ],
20 silly audit   '@react-native/community-cli-plugin': [ '0.86.2' ],
20 silly audit   '@react-native/debugger-frontend': [ '0.86.2' ],
20 silly audit   '@react-native/debugger-shell': [ '0.86.2' ],
20 silly audit   '@react-native/dev-middleware': [ '0.86.2' ],
20 silly audit   ws: [ '7.5.13', '8.21.1' ],
20 silly audit   '@react-native/gradle-plugin': [ '0.86.2' ],
20 silly audit   '@react-native/js-polyfills': [ '0.86.2' ],
20 silly audit   '@react-native/metro-babel-transformer': [ '0.86.2' ],
20 silly audit   '@react-native/metro-config': [ '0.86.2' ],
20 silly audit   '@react-native/normalize-colors': [ '0.86.2', '0.74.89' ],
20 silly audit   '@react-native/virtualized-lists': [ '0.86.2' ],
20 silly audit   '@shopify/flash-list': [ '2.3.2' ],
20 silly audit   '@sinclair/typebox': [ '0.27.12' ],
20 silly audit   '@standard-schema/utils': [ '0.3.0' ],
20 silly audit   '@testing-library/dom': [ '10.4.1' ],
20 silly audit   'ansi-styles': [ '5.2.0', '4.3.0', '3.2.1' ],
20 silly audit   'pretty-format': [ '27.5.1', '29.7.0' ],
20 silly audit   'react-is': [ '17.0.2', '18.3.1', '19.2.8' ],
20 silly audit   '@testing-library/jest-dom': [ '6.9.1' ],
20 silly audit   'dom-accessibility-api': [ '0.6.3', '0.5.16' ],
20 silly audit   '@testing-library/user-event': [ '14.6.1' ],
20 silly audit   '@types/aria-query': [ '5.0.4' ],
20 silly audit   '@types/istanbul-lib-coverage': [ '2.0.6' ],
20 silly audit   '@types/istanbul-lib-report': [ '3.0.3' ],
20 silly audit   '@types/istanbul-reports': [ '3.0.4' ],
20 silly audit   '@types/node': [ '26.1.2' ],
20 silly audit   '@types/react': [ '19.2.17' ],
20 silly audit   '@types/react-test-renderer': [ '19.1.0' ],
20 silly audit   '@types/yargs': [ '17.0.35' ],
20 silly audit   '@types/yargs-parser': [ '21.0.3' ],
20 silly audit   '@ungap/structured-clone': [ '1.3.3' ],
20 silly audit   '@wry/caches': [ '1.0.1' ],
20 silly audit   '@wry/context': [ '0.7.4' ],
20 silly audit   '@wry/equality': [ '0.5.7' ],
20 silly audit   '@wry/trie': [ '0.5.0' ],
20 silly audit   '@xmldom/xmldom': [ '0.8.13', '0.9.10' ],
20 silly audit   'abort-controller': [ '3.0.0' ],
20 silly audit   accepts: [ '2.0.0', '1.3.8' ],
20 silly audit   acorn: [ '8.18.0' ],
20 silly audit   'agent-base': [ '7.1.4' ],
20 silly audit   'agent-cli-detector': [ '0.1.4' ],
20 silly audit   anser: [ '1.4.10' ],
20 silly audit   'ansi-escapes': [ '4.3.2' ],
20 silly audit   'type-fest': [ '0.21.3', '0.7.1' ],
20 silly audit   'ansi-regex': [ '5.0.1', '4.1.1' ],
20 silly audit   arg: [ '5.0.2' ],
20 silly audit   argparse: [ '2.0.1' ],
20 silly audit   'aria-hidden': [ '1.2.6' ],
20 silly audit   'aria-query': [ '5.3.0' ],
20 silly audit   asap: [ '2.0.6' ],
20 silly audit   'babel-plugin-polyfill-corejs2': [ '0.4.17' ],
20 silly audit   'babel-plugin-polyfill-corejs3': [ '0.13.0' ],
20 silly audit   'babel-plugin-polyfill-regenerator': [ '0.6.8' ],
20 silly audit   'babel-plugin-react-compiler': [ '1.0.0' ],
20 silly audit   'babel-plugin-react-native-web': [ '0.21.2' ],
20 silly audit   'babel-plugin-syntax-hermes-parser': [ '0.36.0' ],
20 silly audit   'babel-plugin-transform-flow-enums': [ '0.0.2' ],
20 silly audit   'babel-preset-expo': [ '57.0.5' ],
20 silly audit   badgin: [ '1.2.3' ],
20 silly audit   'balanced-match': [ '4.0.4' ],
20 silly audit   'base64-js': [ '1.5.1' ],
20 silly audit   'baseline-browser-mapping': [ '2.11.7' ],
20 silly audit   'big-integer': [ '1.6.52' ],
20 silly audit   boolbase: [ '1.0.0' ],
20 silly audit   'bplist-creator': [ '0.1.0' ],
20 silly audit   'bplist-parser': [ '0.3.1' ],
20 silly audit   'brace-expansion': [ '5.0.8' ],
20 silly audit   braces: [ '3.0.3' ],
20 silly audit   browserslist: [ '4.28.7' ],
20 silly audit   bser: [ '2.1.1' ],
20 silly audit   'buffer-from': [ '1.1.2' ],
20 silly audit   bytes: [ '3.1.2' ],
20 silly audit   camelcase: [ '6.3.0' ],
20 silly audit   'caniuse-lite': [ '1.0.30001806' ],
20 silly audit   chalk: [ '4.1.2', '2.4.2' ],
20 silly audit   'chrome-launcher': [ '0.15.2' ],
20 silly audit   'chromium-edge-launcher': [ '0.3.0' ],
20 silly audit   'ci-info': [ '2.0.0', '3.9.0' ],
20 silly audit   'cli-cursor': [ '2.1.0' ],
20 silly audit   'cli-spinners': [ '2.9.2' ],
20 silly audit   'client-only': [ '0.0.1' ],
20 silly audit   cliui: [ '8.0.1' ],
20 silly audit   clone: [ '1.0.4' ],
20 silly audit   clsx: [ '2.1.1' ],
20 silly audit   color: [ '4.2.3' ],
20 silly audit   'color-convert': [ '2.0.1', '1.9.3' ],
20 silly audit   'color-name': [ '1.1.4', '1.1.3' ],
20 silly audit   'color-string': [ '1.9.1' ],
20 silly audit   commander: [ '7.2.0', '12.1.0', '2.20.3' ],
20 silly audit   compressible: [ '2.0.18' ],
20 silly audit   compression: [ '1.8.1' ],
20 silly audit   ms: [ '2.0.0', '2.1.3' ],
20 silly audit   negotiator: [ '0.6.4', '0.6.3', '1.0.0' ],
20 silly audit   connect: [ '3.7.0' ],
20 silly audit   'convert-source-map': [ '2.0.0' ],
20 silly audit   'core-js-compat': [ '3.49.0' ],
20 silly audit   'cross-fetch': [ '3.2.0' ],
20 silly audit   'cross-spawn': [ '7.0.6' ],
20 silly audit   'css-in-js-utils': [ '3.1.0' ],
20 silly audit   'css-select': [ '5.2.2' ],
20 silly audit   'css-tree': [ '1.1.3' ],
20 silly audit   'source-map': [ '0.6.1', '0.5.7' ],
20 silly audit   'css-what': [ '6.2.2' ],
20 silly audit   'css.escape': [ '1.5.1' ],
20 silly audit   csstype: [ '3.2.3' ],
20 silly audit   'decode-uri-component': [ '0.2.2' ],
20 silly audit   deepmerge: [ '4.3.1' ],
20 silly audit   defaults: [ '1.0.4' ],
20 silly audit   depd: [ '2.0.0' ],
20 silly audit   dequal: [ '2.0.3' ],
20 silly audit   destroy: [ '1.2.0' ],
20 silly audit   'detect-libc': [ '2.1.2' ],
20 silly audit   'detect-node-es': [ '1.1.0' ],
20 silly audit   'dnssd-advertise': [ '1.1.6' ],
20 silly audit   'dom-serializer': [ '2.0.0' ],
20 silly audit   domelementtype: [ '2.3.0' ],
20 silly audit   domhandler: [ '5.0.3' ],
20 silly audit   domutils: [ '3.2.2' ],
20 silly audit   'ee-first': [ '1.1.1' ],
20 silly audit   'electron-to-chromium': [ '1.5.398' ],
20 silly audit   'emoji-regex': [ '8.0.0' ],
20 silly audit   encodeurl: [ '1.0.2', '2.0.0' ],
20 silly audit   entities: [ '4.5.0' ],
20 silly audit   'error-stack-parser': [ '2.1.4' ],
20 silly audit   'es-errors': [ '1.3.0' ],
20 silly audit   escalade: [ '3.2.0' ],
20 silly audit   'escape-html': [ '1.0.3' ],
20 silly audit   'escape-string-regexp': [ '4.0.0', '1.0.5' ],
20 silly audit   etag: [ '1.8.1' ],
20 silly audit   'event-target-shim': [ '5.0.1' ],
20 silly audit   expo: [ '57.0.9' ],
20 silly audit   'expo-application': [ '57.0.2' ],
20 silly audit   'expo-asset': [ '57.0.8' ],
20 silly audit   'expo-constants': [ '57.0.8' ],
20 silly audit   'expo-document-picker': [ '57.0.1' ],
20 silly audit   'expo-file-system': [ '57.0.1' ],
20 silly audit   'expo-font': [ '57.0.1' ],
20 silly audit   'expo-glass-effect': [ '57.0.1' ],
20 silly audit   'expo-image-loader': [ '57.0.1' ],
20 silly audit   'expo-image-picker': [ '57.0.7' ],
20 silly audit   'expo-keep-awake': [ '57.0.1' ],
20 silly audit   'expo-linking': [ '57.0.4' ],
20 silly audit   'expo-localization': [ '57.0.1' ],
20 silly audit   'expo-modules-autolinking': [ '57.0.9' ],
20 silly audit   'expo-modules-core': [ '57.0.8' ],
20 silly audit   'expo-modules-jsi': [ '57.0.4' ],
20 silly audit   'expo-notifications': [ '57.0.8' ],
20 silly audit   'expo-router': [ '57.0.9' ],
20 silly audit   'expo-secure-store': [ '57.0.1' ],
20 silly audit   'expo-server': [ '57.0.1' ],
20 silly audit   'expo-splash-screen': [ '57.0.5' ],
20 silly audit   'expo-status-bar': [ '57.0.1' ],
20 silly audit   'expo-symbols': [ '57.0.1' ],
20 silly audit   'expo-web-browser': [ '57.0.2' ],
20 silly audit   '@expo/cli': [ '57.0.11' ],
20 silly audit   '@expo/router-server': [ '57.0.4' ],
20 silly audit   '@expo/ws-tunnel': [ '2.0.0' ],
20 silly audit   'mime-db': [ '1.52.0', '1.54.0' ],
20 silly audit   'mime-types': [ '2.1.35', '3.0.2' ],
20 silly audit   zod: [ '3.25.76', '4.4.3' ],
20 silly audit   'exponential-backoff': [ '3.1.3' ],
20 silly audit   'fast-deep-equal': [ '3.1.3' ],
20 silly audit   'fb-dotslash': [ '0.5.8' ],
20 silly audit   'fb-watchman': [ '2.0.2' ],
20 silly audit   fbjs: [ '3.0.5' ],
20 silly audit   'fbjs-css-vars': [ '1.0.2' ],
20 silly audit   promise: [ '7.3.1', '8.3.0' ],
20 silly audit   fdir: [ '6.5.0' ],
20 silly audit   'fetch-nodeshim': [ '0.4.10' ],
20 silly audit   'fill-range': [ '7.1.1' ],
20 silly audit   'filter-obj': [ '1.1.0' ],
20 silly audit   finalhandler: [ '1.1.2' ],
20 silly audit   'flow-enums-runtime': [ '0.0.6' ],
20 silly audit   fontfaceobserver: [ '2.3.0' ],
20 silly audit   fresh: [ '0.5.2' ],
20 silly audit   'function-bind': [ '1.1.2' ],
20 silly audit   gensync: [ '1.0.0-beta.2' ],
20 silly audit   'get-caller-file': [ '2.0.5' ],
20 silly audit   'get-nonce': [ '1.0.1' ],
20 silly audit   getenv: [ '2.0.0' ],
20 silly audit   glob: [ '13.0.6' ],
20 silly audit   'graceful-fs': [ '4.2.11' ],
20 silly audit   graphql: [ '16.14.2' ],
20 silly audit   'graphql-tag': [ '2.12.7' ],
20 silly audit   'graphql-ws': [ '6.2.0' ],
20 silly audit   'has-flag': [ '4.0.0', '3.0.0' ],
20 silly audit   hasown: [ '2.0.4' ],
20 silly audit   'hermes-compiler': [ '250829098.0.16' ],
20 silly audit   'hermes-estree': [ '0.36.0', '0.35.0' ],
20 silly audit   'hermes-parser': [ '0.36.0', '0.35.0' ],
20 silly audit   'hosted-git-info': [ '7.0.2' ],
20 silly audit   'lru-cache': [ '10.4.3', '5.1.1', '11.5.2' ],
20 silly audit   'html-parse-stringify': [ '4.0.1' ],
20 silly audit   'http-errors': [ '2.0.1' ],
20 silly audit   statuses: [ '2.0.2', '1.5.0' ],
20 silly audit   'https-proxy-agent': [ '7.0.6' ],
20 silly audit   'hyphenate-style-name': [ '1.1.0' ],
20 silly audit   i18next: [ '26.3.6' ],
20 silly audit   ignore: [ '5.3.2' ],
20 silly audit   'image-size': [ '1.2.1' ],
20 silly audit   'import-meta-resolve': [ '4.2.0' ],
20 silly audit   'indent-string': [ '4.0.0' ],
20 silly audit   inherits: [ '2.0.4' ],
20 silly audit   'inline-style-prefixer': [ '7.0.1' ],
20 silly audit   invariant: [ '2.2.4' ],
20 silly audit   'is-arrayish': [ '0.3.4' ],
20 silly audit   'is-core-module': [ '2.16.2' ],
20 silly audit   'is-docker': [ '2.2.1' ],
20 silly audit   'is-fullwidth-code-point': [ '3.0.0' ],
20 silly audit   'is-number': [ '7.0.0' ],
20 silly audit   'is-wsl': [ '2.2.0' ],
20 silly audit   isexe: [ '2.0.0' ],
20 silly audit   'jest-get-type': [ '29.6.3' ],
20 silly audit   'jest-util': [ '29.7.0' ],
20 silly audit   picomatch: [ '2.3.2', '4.0.5' ],
20 silly audit   'jest-validate': [ '29.7.0' ],
20 silly audit   'jest-worker': [ '29.7.0' ],
20 silly audit   'supports-color': [ '8.1.1', '5.5.0', '7.2.0' ],
20 silly audit   'jimp-compact': [ '0.16.1' ],
20 silly audit   'js-tokens': [ '4.0.0' ],
20 silly audit   'js-yaml': [ '4.3.0' ],
20 silly audit   'jsc-safe-url': [ '0.2.4' ],
20 silly audit   jsesc: [ '3.1.0' ],
20 silly audit   json5: [ '2.2.3' ],
20 silly audit   kleur: [ '3.0.3' ],
20 silly audit   'lan-network': [ '0.2.1' ],
20 silly audit   leven: [ '3.1.0' ],
20 silly audit   'lighthouse-logger': [ '1.4.2' ],
20 silly audit   lightningcss: [ '1.33.0' ],
20 silly audit   'lightningcss-android-arm64': [ '1.33.0' ],
20 silly audit   'lightningcss-darwin-arm64': [ '1.33.0' ],
20 silly audit   'lightningcss-darwin-x64': [ '1.33.0' ],
20 silly audit   'lightningcss-freebsd-x64': [ '1.33.0' ],
20 silly audit   'lightningcss-linux-arm-gnueabihf': [ '1.33.0' ],
20 silly audit   'lightningcss-linux-arm64-gnu': [ '1.33.0' ],
20 silly audit   'lightningcss-linux-arm64-musl': [ '1.33.0' ],
20 silly audit   'lightningcss-linux-x64-gnu': [ '1.33.0' ],
20 silly audit   'lightningcss-linux-x64-musl': [ '1.33.0' ],
20 silly audit   'lightningcss-win32-arm64-msvc': [ '1.33.0' ],
20 silly audit   'lightningcss-win32-x64-msvc': [ '1.33.0' ],
20 silly audit   'lodash.debounce': [ '4.0.8' ],
20 silly audit   'lodash.throttle': [ '4.1.1' ],
20 silly audit   'log-symbols': [ '2.2.0' ],
20 silly audit   'loose-envify': [ '1.4.0' ],
20 silly audit   'lz-string': [ '1.5.0' ],
20 silly audit   makeerror: [ '1.0.12' ],
20 silly audit   marky: [ '1.3.0' ],
20 silly audit   'mdn-data': [ '2.0.14' ],
20 silly audit   'memoize-one': [ '5.2.1', '6.0.0' ],
20 silly audit   'merge-stream': [ '2.0.0' ],
20 silly audit   metro: [ '0.84.4' ],
20 silly audit   'metro-babel-transformer': [ '0.84.4' ],
20 silly audit   'metro-cache': [ '0.84.4' ],
20 silly audit   'metro-cache-key': [ '0.84.4' ],
20 silly audit   'metro-config': [ '0.84.4' ],
20 silly audit   'metro-core': [ '0.84.4' ],
20 silly audit   'metro-file-map': [ '0.84.4' ],
20 silly audit   'metro-minify-terser': [ '0.84.4' ],
20 silly audit   'metro-resolver': [ '0.84.4' ],
20 silly audit   'metro-runtime': [ '0.84.4' ],
20 silly audit   'metro-source-map': [ '0.84.4' ],
20 silly audit   'metro-symbolicate': [ '0.84.4' ],
20 silly audit   'metro-transform-plugins': [ '0.84.4' ],
20 silly audit   'metro-transform-worker': [ '0.84.4' ],
20 silly audit   micromatch: [ '4.0.8' ],
20 silly audit   mime: [ '1.6.0' ],
20 silly audit   'mimic-fn': [ '1.2.0' ],
20 silly audit   'min-indent': [ '1.0.1' ],
20 silly audit   minimatch: [ '10.2.6' ],
20 silly audit   minipass: [ '7.1.3' ],
20 silly audit   mkdirp: [ '1.0.4' ],
20 silly audit   multitars: [ '1.0.0' ],
20 silly audit   nanoid: [ '3.3.16' ],
20 silly audit   'node-fetch': [ '2.7.0' ],
20 silly audit   'node-forge': [ '1.4.0' ],
20 silly audit   'node-int64': [ '0.4.0' ],
20 silly audit   'node-releases': [ '2.0.51' ],
20 silly audit   'npm-package-arg': [ '11.0.3' ],
20 silly audit   'nth-check': [ '2.1.1' ],
20 silly audit   nullthrows: [ '1.1.1' ],
20 silly audit   ob1: [ '0.84.4' ],
20 silly audit   'object-assign': [ '4.1.1' ],
20 silly audit   'on-finished': [ '2.3.0', '2.4.1' ],
20 silly audit   'on-headers': [ '1.1.0' ],
20 silly audit   onetime: [ '2.0.1' ],
20 silly audit   open: [ '7.4.2' ],
20 silly audit   optimism: [ '0.18.1' ],
20 silly audit   ora: [ '3.4.0' ],
20 silly audit   'strip-ansi': [ '5.2.0', '6.0.1' ],
20 silly audit   'package-manager-detector': [ '1.8.0' ],
20 silly audit   'parse-png': [ '2.1.0' ],
20 silly audit   parseurl: [ '1.3.3' ],
20 silly audit   'path-key': [ '3.1.1' ],
20 silly audit   'path-parse': [ '1.0.7' ],
20 silly audit   'path-scurry': [ '2.0.2' ],
20 silly audit   picocolors: [ '1.1.1' ],
20 silly audit   plist: [ '3.1.1' ],
20 silly audit   pngjs: [ '3.4.0' ],
20 silly audit   postcss: [ '8.5.25' ],
20 silly audit   'postcss-value-parser': [ '4.2.0' ],
20 silly audit   'proc-log': [ '4.2.0' ],
20 silly audit   progress: [ '2.0.3' ],
20 silly audit   prompts: [ '2.4.2' ],
20 silly audit   'query-string': [ '7.1.3' ],
20 silly audit   queue: [ '6.0.2' ],
20 silly audit   'range-parser': [ '1.2.1' ],
20 silly audit   react: [ '19.2.3' ],
20 silly audit   'react-devtools-core': [ '6.1.5' ],
20 silly audit   'react-dom': [ '19.2.3' ],
20 silly audit   'react-fast-compare': [ '3.2.2' ],
20 silly audit   'react-freeze': [ '1.0.4' ],
20 silly audit   'react-hook-form': [ '7.83.0' ],
20 silly audit   'react-i18next': [ '17.0.11' ],
20 silly audit   'react-native': [ '0.86.2' ],
20 silly audit   'react-native-drawer-layout': [ '4.2.9' ],
20 silly audit   'react-native-gesture-handler': [ '3.1.0' ],
20 silly audit   'react-native-is-edge-to-edge': [ '1.3.1' ],
20 silly audit   'react-native-reanimated': [ '4.5.1' ],
20 silly audit   'react-native-safe-area-context': [ '5.7.0' ],
20 silly audit   'react-native-screens': [ '4.26.2' ],
20 silly audit   'react-native-svg': [ '15.15.4' ],
20 silly audit   'react-native-web': [ '0.21.2' ],
20 silly audit   'react-native-worklets': [ '0.10.1' ],
20 silly audit   'react-refresh': [ '0.14.2' ],
20 silly audit   'react-remove-scroll': [ '2.7.2' ],
20 silly audit   'react-remove-scroll-bar': [ '2.3.8' ],
20 silly audit   'react-style-singleton': [ '2.2.3' ],
20 silly audit   redent: [ '3.0.0' ],
20 silly audit   regenerate: [ '1.4.2' ],
20 silly audit   'regenerate-unicode-properties': [ '10.2.2' ],
20 silly audit   'regenerator-runtime': [ '0.13.11' ],
20 silly audit   'regexpu-core': [ '6.4.0' ],
20 silly audit   regjsgen: [ '0.8.0' ],
20 silly audit   regjsparser: [ '0.13.2' ],
20 silly audit   'require-directory': [ '2.1.1' ],
20 silly audit   resolve: [ '1.22.12' ],
20 silly audit   'resolve-from': [ '5.0.0' ],
20 silly audit   'resolve-workspace-root': [ '2.0.1' ],
20 silly audit   'restore-cursor': [ '2.0.0' ],
20 silly audit   'rtl-detect': [ '1.1.2' ],
20 silly audit   rxjs: [ '7.8.2' ],
20 silly audit   'safe-buffer': [ '5.2.1' ],
20 silly audit   sax: [ '1.6.1' ],
20 silly audit   scheduler: [ '0.27.0' ],
20 silly audit   send: [ '0.19.2' ],
20 silly audit   'serialize-error': [ '2.1.0' ],
20 silly audit   'serve-static': [ '1.16.3' ],
20 silly audit   'server-only': [ '0.0.1' ],
20 silly audit   setimmediate: [ '1.0.5' ],
20 silly audit   setprototypeof: [ '1.2.0' ],
20 silly audit   'sf-symbols-typescript': [ '2.2.0' ],
20 silly audit   shallowequal: [ '1.1.0' ],
20 silly audit   'shebang-command': [ '2.0.0' ],
20 silly audit   'shebang-regex': [ '3.0.0' ],
20 silly audit   'shell-quote': [ '1.10.0' ],
20 silly audit   'signal-exit': [ '3.0.7' ],
20 silly audit   'simple-plist': [ '1.3.1' ],
20 silly audit   'simple-swizzle': [ '0.2.4' ],
20 silly audit   sisteransi: [ '1.0.5' ],
20 silly audit   slugify: [ '1.6.9' ],
20 silly audit   'source-map-js': [ '1.2.1' ],
20 silly audit   'source-map-support': [ '0.5.21' ],
20 silly audit   'split-on-first': [ '1.1.0' ],
20 silly audit   stackframe: [ '1.3.4' ],
20 silly audit   'stacktrace-parser': [ '0.1.11' ],
20 silly audit   'standard-navigation': [ '0.0.5' ],
20 silly audit   'stream-buffers': [ '2.2.0' ],
20 silly audit   'strict-uri-encode': [ '2.0.0' ],
20 silly audit   'string-width': [ '4.2.3' ],
20 silly audit   'strip-indent': [ '3.0.0' ],
20 silly audit   'structured-headers': [ '0.4.1' ],
20 silly audit   styleq: [ '0.1.3' ],
20 silly audit   'supports-hyperlinks': [ '2.3.0' ],
20 silly audit   'supports-preserve-symlinks-flag': [ '1.0.0' ],
20 silly audit   'terminal-link': [ '2.1.1' ],
20 silly audit   terser: [ '5.49.0' ],
20 silly audit   throat: [ '5.0.0' ],
20 silly audit   tinyexec: [ '1.2.4' ],
20 silly audit   tinyglobby: [ '0.2.17' ],
20 silly audit   tmpl: [ '1.0.5' ],
20 silly audit   'to-regex-range': [ '5.0.1' ],
20 silly audit   toidentifier: [ '1.0.1' ],
20 silly audit   toqr: [ '0.1.1' ],
20 silly audit   tr46: [ '0.0.3' ],
20 silly audit   tslib: [ '2.8.1' ],
20 silly audit   typescript: [ '6.0.3' ],
20 silly audit   'ua-parser-js': [ '1.0.41' ],
20 silly audit   'undici-types': [ '8.3.0' ],
20 silly audit   'unicode-canonical-property-names-ecmascript': [ '2.0.1' ],
20 silly audit   'unicode-match-property-ecmascript': [ '2.0.0' ],
20 silly audit   'unicode-match-property-value-ecmascript': [ '2.2.1' ],
20 silly audit   'unicode-property-aliases-ecmascript': [ '2.2.0' ],
20 silly audit   unpipe: [ '1.0.0' ],
20 silly audit   'update-browserslist-db': [ '1.2.3' ],
20 silly audit   'use-callback-ref': [ '1.3.3' ],
20 silly audit   'use-latest-callback': [ '0.2.6' ],
20 silly audit   'use-sidecar': [ '1.1.3' ],
20 silly audit   'use-sync-external-store': [ '1.6.0' ],
20 silly audit   'utils-merge': [ '1.0.1' ],
20 silly audit   uuid: [ '7.0.3' ],
20 silly audit   'validate-npm-package-name': [ '5.0.1' ],
20 silly audit   vary: [ '1.1.2' ],
20 silly audit   vaul: [ '1.1.2' ],
20 silly audit   vlq: [ '1.0.1' ],
20 silly audit   walker: [ '1.0.8' ],
20 silly audit   'warn-once': [ '0.1.1' ],
20 silly audit   wcwidth: [ '1.0.1' ],
20 silly audit   'webidl-conversions': [ '3.0.1' ],
20 silly audit   'whatwg-fetch': [ '3.6.20' ],
20 silly audit   'whatwg-url': [ '5.0.0' ],
20 silly audit   'whatwg-url-minimum': [ '0.1.2' ],
20 silly audit   which: [ '2.0.2' ],
20 silly audit   'wrap-ansi': [ '7.0.0' ],
20 silly audit   xcode: [ '3.0.1' ],
20 silly audit   xml2js: [ '0.6.0' ],
20 silly audit   xmlbuilder: [ '11.0.1', '15.1.1' ],
20 silly audit   y18n: [ '5.0.8' ],
20 silly audit   yallist: [ '3.1.1' ],
20 silly audit   yaml: [ '2.9.0' ],
20 silly audit   yargs: [ '17.7.3' ],
20 silly audit   'yargs-parser': [ '21.1.1' ],
20 silly audit   zustand: [ '5.0.14' ],
20 silly audit   '@expo-google-fonts/inter': [ '0.4.2' ]
20 silly audit }
21 http cache @expo-google-fonts/inter@https://registry.npmjs.org/@expo-google-fonts/inter/-/inter-0.4.2.tgz 0ms (cache hit)
22 silly tarball no local data for @expo-google-fonts/inter@https://registry.npmjs.org/@expo-google-fonts/inter/-/inter-0.4.2.tgz. Extracting by manifest.
23 http fetch POST 200 https://registry.npmjs.org/-/npm/v1/security/advisories/bulk 249ms
24 silly audit report {
24 silly audit report   uuid: [
24 silly audit report     {
24 silly audit report       id: 1119441,
24 silly audit report       url: 'https://github.com/advisories/GHSA-w5hq-g745-h8pq',
24 silly audit report       title: 'uuid: Missing buffer bounds check in v3/v5/v6 when buf is provided',
24 silly audit report       severity: 'moderate',
24 silly audit report       vulnerable_versions: '<11.1.1',
24 silly audit report       cwe: [Array],
24 silly audit report       cvss: [Object]
24 silly audit report     }
24 silly audit report   ]
24 silly audit report }
25 silly packumentCache corgi:https://registry.npmjs.org/uuid cache-miss
26 http fetch GET 200 https://registry.npmjs.org/uuid 73ms (cache revalidated)
27 silly packumentCache corgi:https://registry.npmjs.org/uuid set size:82973 disposed:false
28 silly packumentCache corgi:https://registry.npmjs.org/xcode cache-miss
29 http fetch GET 200 https://registry.npmjs.org/xcode 155ms (cache revalidated)
30 silly packumentCache corgi:https://registry.npmjs.org/xcode set size:1850340 disposed:false
31 silly packumentCache corgi:https://registry.npmjs.org/@expo%2fconfig-plugins cache-miss
32 http fetch GET 200 https://registry.npmjs.org/@expo%2fconfig-plugins 88ms (cache revalidated)
33 silly packumentCache corgi:https://registry.npmjs.org/@expo%2fconfig-plugins set size:436600 disposed:false
34 silly packumentCache corgi:https://registry.npmjs.org/@expo%2fconfig cache-miss
35 silly packumentCache corgi:https://registry.npmjs.org/@expo%2finline-modules cache-miss
36 silly packumentCache corgi:https://registry.npmjs.org/@expo%2fprebuild-config cache-miss
37 silly packumentCache corgi:https://registry.npmjs.org/expo cache-miss
38 silly packumentCache corgi:https://registry.npmjs.org/expo-splash-screen cache-miss
39 silly packumentCache corgi:https://registry.npmjs.org/@expo%2fcli cache-miss
40 http fetch GET 200 https://registry.npmjs.org/@expo%2fconfig 83ms (cache revalidated)
41 silly packumentCache corgi:https://registry.npmjs.org/@expo%2fconfig set size:563473 disposed:false
42 http fetch GET 200 https://registry.npmjs.org/expo 222ms (cache revalidated)
43 silly packumentCache corgi:https://registry.npmjs.org/expo set size:1829712 disposed:false
44 http fetch GET 200 https://registry.npmjs.org/@expo%2finline-modules 257ms (cache revalidated)
45 silly packumentCache corgi:https://registry.npmjs.org/@expo%2finline-modules set size:32892 disposed:false
46 http fetch GET 200 https://registry.npmjs.org/expo-splash-screen 261ms (cache revalidated)
47 silly packumentCache corgi:https://registry.npmjs.org/expo-splash-screen set size:297968 disposed:false
48 http fetch GET 200 https://registry.npmjs.org/@expo-google-fonts/inter/-/inter-0.4.2.tgz 1152ms (cache miss)
49 http fetch GET 200 https://registry.npmjs.org/@expo%2fprebuild-config 656ms (cache revalidated)
50 silly packumentCache corgi:https://registry.npmjs.org/@expo%2fprebuild-config set size:411599 disposed:false
51 http fetch GET 200 https://registry.npmjs.org/@expo%2fcli 780ms (cache revalidated)
52 silly packumentCache corgi:https://registry.npmjs.org/@expo%2fcli set size:1742561 disposed:false
53 silly packumentCache corgi:https://registry.npmjs.org/@expo%2flocal-build-cache-provider cache-miss
54 silly packumentCache corgi:https://registry.npmjs.org/@expo%2fmetro-config cache-miss
55 http fetch GET 200 https://registry.npmjs.org/@expo%2fmetro-config 159ms (cache revalidated)
56 silly packumentCache corgi:https://registry.npmjs.org/@expo%2fmetro-config set size:617440 disposed:false
57 http fetch GET 200 https://registry.npmjs.org/@expo%2flocal-build-cache-provider 409ms (cache revalidated)
58 silly packumentCache corgi:https://registry.npmjs.org/@expo%2flocal-build-cache-provider set size:64785 disposed:false
59 silly packumentCache corgi:https://registry.npmjs.org/@expo%2fdom-webview cache-miss
60 silly packumentCache corgi:https://registry.npmjs.org/@expo%2flog-box cache-miss
61 silly packumentCache corgi:https://registry.npmjs.org/@expo%2fmetro-runtime cache-miss
62 silly packumentCache corgi:https://registry.npmjs.org/@expo%2fui cache-miss
63 silly packumentCache corgi:https://registry.npmjs.org/babel-preset-expo cache-miss
64 silly packumentCache corgi:https://registry.npmjs.org/expo-application cache-miss
65 silly packumentCache corgi:https://registry.npmjs.org/expo-asset cache-miss
66 silly packumentCache corgi:https://registry.npmjs.org/expo-constants cache-miss
67 silly packumentCache corgi:https://registry.npmjs.org/expo-document-picker cache-miss
68 silly packumentCache corgi:https://registry.npmjs.org/expo-file-system cache-miss
69 silly packumentCache corgi:https://registry.npmjs.org/expo-font cache-miss
70 silly packumentCache corgi:https://registry.npmjs.org/expo-glass-effect cache-miss
71 silly packumentCache corgi:https://registry.npmjs.org/expo-image-loader cache-miss
72 silly packumentCache corgi:https://registry.npmjs.org/expo-image-picker cache-miss
73 silly packumentCache corgi:https://registry.npmjs.org/expo-keep-awake cache-miss
74 silly packumentCache corgi:https://registry.npmjs.org/expo-localization cache-miss
75 silly packumentCache corgi:https://registry.npmjs.org/expo-notifications cache-miss
76 silly packumentCache corgi:https://registry.npmjs.org/expo-router cache-miss
77 silly packumentCache corgi:https://registry.npmjs.org/expo-secure-store cache-miss
78 silly packumentCache corgi:https://registry.npmjs.org/expo-status-bar cache-miss
79 silly packumentCache corgi:https://registry.npmjs.org/expo-symbols cache-miss
80 silly packumentCache corgi:https://registry.npmjs.org/expo-web-browser cache-miss
81 silly packumentCache corgi:https://registry.npmjs.org/@expo%2frouter-server cache-miss
82 http fetch GET 200 https://registry.npmjs.org/babel-preset-expo 124ms (cache revalidated)
83 silly packumentCache corgi:https://registry.npmjs.org/babel-preset-expo set size:606543 disposed:false
84 http fetch GET 200 https://registry.npmjs.org/@expo%2fdom-webview 143ms (cache revalidated)
85 silly packumentCache corgi:https://registry.npmjs.org/@expo%2fdom-webview set size:104773 disposed:false
86 http fetch GET 200 https://registry.npmjs.org/@expo%2fui 164ms (cache revalidated)
87 silly packumentCache corgi:https://registry.npmjs.org/@expo%2fui set size:177232 disposed:false
88 http fetch GET 200 https://registry.npmjs.org/expo-application 323ms (cache revalidated)
89 silly packumentCache corgi:https://registry.npmjs.org/expo-application set size:180471 disposed:false
90 http fetch GET 200 https://registry.npmjs.org/expo-image-loader 323ms (cache revalidated)
91 silly packumentCache corgi:https://registry.npmjs.org/expo-image-loader set size:138147 disposed:false
92 http fetch GET 200 https://registry.npmjs.org/expo-notifications 324ms (cache revalidated)
93 silly packumentCache corgi:https://registry.npmjs.org/expo-notifications set size:398444 disposed:false
94 http fetch GET 200 https://registry.npmjs.org/expo-status-bar 325ms (cache revalidated)
95 silly packumentCache corgi:https://registry.npmjs.org/expo-status-bar set size:204478 disposed:false
96 http fetch GET 200 https://registry.npmjs.org/expo-asset 328ms (cache revalidated)
97 silly packumentCache corgi:https://registry.npmjs.org/expo-asset set size:325094 disposed:false
98 http fetch GET 200 https://registry.npmjs.org/expo-keep-awake 331ms (cache revalidated)
99 silly packumentCache corgi:https://registry.npmjs.org/expo-keep-awake set size:199375 disposed:false
100 http fetch GET 200 https://registry.npmjs.org/expo-glass-effect 342ms (cache revalidated)
101 silly packumentCache corgi:https://registry.npmjs.org/expo-glass-effect set size:91722 disposed:false
102 http fetch GET 200 https://registry.npmjs.org/expo-secure-store 342ms (cache revalidated)
103 silly packumentCache corgi:https://registry.npmjs.org/expo-secure-store set size:191729 disposed:false
104 http fetch GET 200 https://registry.npmjs.org/expo-document-picker 348ms (cache revalidated)
105 silly packumentCache corgi:https://registry.npmjs.org/expo-document-picker set size:218392 disposed:false
106 http fetch GET 200 https://registry.npmjs.org/expo-localization 348ms (cache revalidated)
107 silly packumentCache corgi:https://registry.npmjs.org/expo-localization set size:218064 disposed:false
108 http fetch GET 200 https://registry.npmjs.org/expo-image-picker 349ms (cache revalidated)
109 silly packumentCache corgi:https://registry.npmjs.org/expo-image-picker set size:282157 disposed:false
110 http fetch GET 200 https://registry.npmjs.org/expo-constants 351ms (cache revalidated)
111 silly packumentCache corgi:https://registry.npmjs.org/expo-constants set size:308522 disposed:false
112 http fetch GET 200 https://registry.npmjs.org/expo-file-system 353ms (cache revalidated)
113 silly packumentCache corgi:https://registry.npmjs.org/expo-file-system set size:303050 disposed:false
114 http fetch GET 200 https://registry.npmjs.org/expo-symbols 353ms (cache revalidated)
115 silly packumentCache corgi:https://registry.npmjs.org/expo-symbols set size:157116 disposed:false
116 http fetch GET 200 https://registry.npmjs.org/expo-font 355ms (cache revalidated)
117 silly packumentCache corgi:https://registry.npmjs.org/expo-font set size:253684 disposed:false
118 http fetch GET 200 https://registry.npmjs.org/expo-router 356ms (cache revalidated)
119 silly packumentCache corgi:https://registry.npmjs.org/expo-router set size:1005088 disposed:false
120 http fetch GET 200 https://registry.npmjs.org/expo-web-browser 358ms (cache revalidated)
121 silly packumentCache corgi:https://registry.npmjs.org/expo-web-browser set size:219405 disposed:false
122 http fetch GET 200 https://registry.npmjs.org/@expo%2flog-box 488ms (cache revalidated)
123 silly packumentCache corgi:https://registry.npmjs.org/@expo%2flog-box set size:101479 disposed:false
124 http fetch GET 200 https://registry.npmjs.org/@expo%2fmetro-runtime 646ms (cache revalidated)
125 silly packumentCache corgi:https://registry.npmjs.org/@expo%2fmetro-runtime set size:216564 disposed:false
126 http fetch GET 200 https://registry.npmjs.org/@expo%2frouter-server 698ms (cache revalidated)
127 silly packumentCache corgi:https://registry.npmjs.org/@expo%2frouter-server set size:125485 disposed:false
128 silly ADD node_modules/@expo-google-fonts/inter
129 verbose cwd /Users/museryeung/Documents/dev/crew-up-project/crew-up-app
130 verbose os Darwin 25.5.0
131 verbose node v24.13.0
132 verbose npm  v11.10.0
133 verbose exit 0
134 info ok
